Traceback (most recent call last):
  File "<string>", line 4, in <module>
    import main
  File "C:\Users\Digisha\Desktop\project\Mutant-AI\backend\main.py", line 8, in <module>
    from routes.ask import router as ask_router
  File "C:\Users\Digisha\Desktop\project\Mutant-AI\backend\routes\ask.py", line 7, in <module>
    from services.llm import call_openrouter
ImportError: cannot import name 'call_openrouter' from 'services.llm' (C:\Users\Digisha\Desktop\project\Mutant-AI\backend\services\llm.py)
